layer at (0,0) size 800x600
  RenderView at (0,0) size 800x600
layer at (0,0) size 800x216
  RenderBlock {HTML} at (0,0) size 800x216
    RenderBody {BODY} at (8,8) size 784x200
      RenderMathMLMath {math} at (0,0) size 188x20 [padding: 0 1 0 1]
        RenderMathMLRow {mrow} at (1,0) size 186x20
          RenderMathMLOperator {mo} at (1,3) size 7x14
            RenderMathMLBlock (flex) {mo} at (0,0) size 7x14
              RenderBlock (anonymous) at (0,0) size 5x14
                RenderText at (0,-6) size 5x24
                  text run at (0,-6) width 5: "("
          RenderMathMLOperator {mo} at (12,3) size 7x14
            RenderMathMLBlock (flex) {mo} at (0,0) size 7x14
              RenderBlock (anonymous) at (0,0) size 5x14
                RenderText at (0,-6) size 5x24
                  text run at (0,-6) width 5: ")"
          RenderMathMLOperator {mo} at (25,3) size 10x14
            RenderMathMLBlock (flex) {mo} at (0,0) size 10x14
              RenderBlock (anonymous) at (0,0) size 8x14
                RenderText at (0,-6) size 8x24
                  text run at (0,-6) width 8: "{"
          RenderMathMLOperator {mo} at (41,3) size 10x14
            RenderMathMLBlock (flex) {mo} at (0,0) size 10x14
              RenderBlock (anonymous) at (0,0) size 8x14
                RenderText at (0,-6) size 8x24
                  text run at (0,-6) width 8: "}"
          RenderMathMLOperator {mo} at (57,3) size 7x14
            RenderMathMLBlock (flex) {mo} at (0,0) size 7x14
              RenderBlock (anonymous) at (0,0) size 5x14
                RenderText at (0,-6) size 5x24
                  text run at (0,-6) width 5: "["
          RenderMathMLOperator {mo} at (70,3) size 7x14
            RenderMathMLBlock (flex) {mo} at (0,0) size 7x14
              RenderBlock (anonymous) at (0,0) size 5x14
                RenderText at (0,-6) size 5x24
                  text run at (0,-6) width 5: "]"
          RenderMathMLOperator {mo} at (83,2) size 8x16
            RenderMathMLBlock (flex) {mo} at (0,0) size 8x16
              RenderBlock (anonymous) at (0,0) size 8x16
                RenderText at (0,-5) size 8x24
                  text run at (0,-5) width 8: "\x{2308}"
          RenderMathMLOperator {mo} at (97,2) size 8x16
            RenderMathMLBlock (flex) {mo} at (0,0) size 8x16
              RenderBlock (anonymous) at (0,0) size 8x16
                RenderText at (0,-5) size 8x24
                  text run at (0,-5) width 8: "\x{2309}"
          RenderMathMLOperator {mo} at (111,2) size 8x16
            RenderMathMLBlock (flex) {mo} at (0,0) size 8x16
              RenderBlock (anonymous) at (0,0) size 8x16
                RenderText at (0,-5) size 8x24
                  text run at (0,-5) width 8: "\x{230A}"
          RenderMathMLOperator {mo} at (125,2) size 8x16
            RenderMathMLBlock (flex) {mo} at (0,0) size 8x16
              RenderBlock (anonymous) at (0,0) size 8x16
                RenderText at (0,-5) size 8x24
                  text run at (0,-5) width 8: "\x{230B}"
          RenderMathMLOperator {mo} at (139,0) size 11x20
            RenderMathMLBlock (flex) {mo} at (0,0) size 11x20
              RenderBlock (anonymous) at (0,0) size 7x20
                RenderText at (0,-3) size 7x24
                  text run at (0,-3) width 7: "\x{222B}"
          RenderMathMLOperator {mo} at (156,3) size 3x12
            RenderMathMLBlock (flex) {mo} at (0,0) size 3x12
              RenderBlock (anonymous) at (0,0) size 3x12
                RenderText at (0,-6) size 3x24
                  text run at (0,-6) width 3: "|"
          RenderMathMLOperator {mo} at (165,2) size 8x16
            RenderMathMLBlock (flex) {mo} at (0,0) size 8x16
              RenderBlock (anonymous) at (0,0) size 8x16
                RenderText at (0,-5) size 8x24
                  text run at (0,-5) width 8: "\x{2016}"
          RenderMathMLOperator {mo} at (177,2) size 8x16
            RenderMathMLBlock (flex) {mo} at (0,0) size 8x16
              RenderBlock (anonymous) at (0,0) size 8x16
                RenderText at (0,-5) size 8x24
                  text run at (0,-5) width 8: "\x{2225}"
      RenderText {#text} at (188,0) size 4x18
        text run at (188,0) width 4: " "
      RenderBR {BR} at (0,0) size 0x0
      RenderMathMLMath {math} at (0,20) size 192x113 [padding: 0 1 0 1]
        RenderMathMLRow {mrow} at (1,0) size 190x113
          RenderMathMLOperator {mo} at (1,22) size 7x91
            RenderMathMLBlock (flex) {mo} at (0,0) size 7x14
              RenderBlock (anonymous) at (0,0) size 5x14
                RenderText at (0,-6) size 5x24
                  text run at (0,-6) width 5: "("
          RenderMathMLOperator {mo} at (12,22) size 7x91
            RenderMathMLBlock (flex) {mo} at (0,0) size 7x14
              RenderBlock (anonymous) at (0,0) size 5x14
                RenderText at (0,-6) size 5x24
                  text run at (0,-6) width 5: ")"
          RenderMathMLOperator {mo} at (25,22) size 10x91
            RenderMathMLBlock (flex) {mo} at (0,0) size 10x14
              RenderBlock (anonymous) at (0,0) size 8x14
                RenderText at (0,-6) size 8x24
                  text run at (0,-6) width 8: "{"
          RenderMathMLOperator {mo} at (41,22) size 10x91
            RenderMathMLBlock (flex) {mo} at (0,0) size 10x14
              RenderBlock (anonymous) at (0,0) size 8x14
                RenderText at (0,-6) size 8x24
                  text run at (0,-6) width 8: "}"
          RenderMathMLOperator {mo} at (57,22) size 7x91
            RenderMathMLBlock (flex) {mo} at (0,0) size 7x14
              RenderBlock (anonymous) at (0,0) size 5x14
                RenderText at (0,-6) size 5x24
                  text run at (0,-6) width 5: "["
          RenderMathMLOperator {mo} at (70,22) size 7x91
            RenderMathMLBlock (flex) {mo} at (0,0) size 7x14
              RenderBlock (anonymous) at (0,0) size 5x14
                RenderText at (0,-6) size 5x24
                  text run at (0,-6) width 5: "]"
          RenderMathMLOperator {mo} at (83,22) size 8x91
            RenderMathMLBlock (flex) {mo} at (0,0) size 8x16
              RenderBlock (anonymous) at (0,0) size 8x16
                RenderText at (0,-5) size 8x24
                  text run at (0,-5) width 8: "\x{2308}"
          RenderMathMLOperator {mo} at (97,22) size 8x91
            RenderMathMLBlock (flex) {mo} at (0,0) size 8x16
              RenderBlock (anonymous) at (0,0) size 8x16
                RenderText at (0,-5) size 8x24
                  text run at (0,-5) width 8: "\x{2309}"
          RenderMathMLOperator {mo} at (111,22) size 8x91
            RenderMathMLBlock (flex) {mo} at (0,0) size 8x16
              RenderBlock (anonymous) at (0,0) size 8x16
                RenderText at (0,-5) size 8x24
                  text run at (0,-5) width 8: "\x{230A}"
          RenderMathMLOperator {mo} at (125,22) size 8x91
            RenderMathMLBlock (flex) {mo} at (0,0) size 8x16
              RenderBlock (anonymous) at (0,0) size 8x16
                RenderText at (0,-5) size 8x24
                  text run at (0,-5) width 8: "\x{230B}"
          RenderMathMLOperator {mo} at (139,22) size 11x91
            RenderMathMLBlock (flex) {mo} at (0,0) size 11x20
              RenderBlock (anonymous) at (0,0) size 7x20
                RenderText at (0,-3) size 7x24
                  text run at (0,-3) width 7: "\x{222B}"
          RenderMathMLOperator {mo} at (156,22) size 3x91
            RenderMathMLBlock (flex) {mo} at (0,0) size 3x12
              RenderBlock (anonymous) at (0,0) size 3x12
                RenderText at (0,-6) size 3x24
                  text run at (0,-6) width 3: "|"
          RenderMathMLOperator {mo} at (165,22) size 8x91
            RenderMathMLBlock (flex) {mo} at (0,0) size 8x16
              RenderBlock (anonymous) at (0,0) size 8x16
                RenderText at (0,-5) size 8x24
                  text run at (0,-5) width 8: "\x{2016}"
          RenderMathMLOperator {mo} at (179,22) size 8x91
            RenderMathMLBlock (flex) {mo} at (0,0) size 8x16
              RenderBlock (anonymous) at (0,0) size 8x16
                RenderText at (0,-5) size 8x24
                  text run at (0,-5) width 8: "\x{2225}"
          RenderMathMLSpace {mspace} at (190,0) size 0x76
      RenderText {#text} at (192,81) size 4x18
        text run at (192,81) width 4: " "
      RenderMathMLMath {math} at (196,45) size 192x76 [padding: 0 1 0 1]
        RenderMathMLRow {mrow} at (1,0) size 190x76
          RenderMathMLOperator {mo} at (1,15) size 7x61
            RenderMathMLBlock (flex) {mo} at (0,0) size 7x14
              RenderBlock (anonymous) at (0,0) size 5x14
                RenderText at (0,-6) size 5x24
                  text run at (0,-6) width 5: "("
          RenderMathMLOperator {mo} at (12,15) size 7x61
            RenderMathMLBlock (flex) {mo} at (0,0) size 7x14
              RenderBlock (anonymous) at (0,0) size 5x14
                RenderText at (0,-6) size 5x24
                  text run at (0,-6) width 5: ")"
          RenderMathMLOperator {mo} at (25,15) size 10x61
            RenderMathMLBlock (flex) {mo} at (0,0) size 10x14
              RenderBlock (anonymous) at (0,0) size 8x14
                RenderText at (0,-6) size 8x24
                  text run at (0,-6) width 8: "{"
          RenderMathMLOperator {mo} at (41,15) size 10x61
            RenderMathMLBlock (flex) {mo} at (0,0) size 10x14
              RenderBlock (anonymous) at (0,0) size 8x14
                RenderText at (0,-6) size 8x24
                  text run at (0,-6) width 8: "}"
          RenderMathMLOperator {mo} at (57,15) size 7x61
            RenderMathMLBlock (flex) {mo} at (0,0) size 7x14
              RenderBlock (anonymous) at (0,0) size 5x14
                RenderText at (0,-6) size 5x24
                  text run at (0,-6) width 5: "["
          RenderMathMLOperator {mo} at (70,15) size 7x61
            RenderMathMLBlock (flex) {mo} at (0,0) size 7x14
              RenderBlock (anonymous) at (0,0) size 5x14
                RenderText at (0,-6) size 5x24
                  text run at (0,-6) width 5: "]"
          RenderMathMLOperator {mo} at (83,15) size 8x61
            RenderMathMLBlock (flex) {mo} at (0,0) size 8x16
              RenderBlock (anonymous) at (0,0) size 8x16
                RenderText at (0,-5) size 8x24
                  text run at (0,-5) width 8: "\x{2308}"
          RenderMathMLOperator {mo} at (97,15) size 8x61
            RenderMathMLBlock (flex) {mo} at (0,0) size 8x16
              RenderBlock (anonymous) at (0,0) size 8x16
                RenderText at (0,-5) size 8x24
                  text run at (0,-5) width 8: "\x{2309}"
          RenderMathMLOperator {mo} at (111,15) size 8x61
            RenderMathMLBlock (flex) {mo} at (0,0) size 8x16
              RenderBlock (anonymous) at (0,0) size 8x16
                RenderText at (0,-5) size 8x24
                  text run at (0,-5) width 8: "\x{230A}"
          RenderMathMLOperator {mo} at (125,15) size 8x61
            RenderMathMLBlock (flex) {mo} at (0,0) size 8x16
              RenderBlock (anonymous) at (0,0) size 8x16
                RenderText at (0,-5) size 8x24
                  text run at (0,-5) width 8: "\x{230B}"
          RenderMathMLOperator {mo} at (139,15) size 11x61
            RenderMathMLBlock (flex) {mo} at (0,0) size 11x20
              RenderBlock (anonymous) at (0,0) size 7x20
                RenderText at (0,-3) size 7x24
                  text run at (0,-3) width 7: "\x{222B}"
          RenderMathMLOperator {mo} at (156,15) size 3x61
            RenderMathMLBlock (flex) {mo} at (0,0) size 3x12
              RenderBlock (anonymous) at (0,0) size 3x12
                RenderText at (0,-6) size 3x24
                  text run at (0,-6) width 3: "|"
          RenderMathMLOperator {mo} at (165,15) size 8x61
            RenderMathMLBlock (flex) {mo} at (0,0) size 8x16
              RenderBlock (anonymous) at (0,0) size 8x16
                RenderText at (0,-5) size 8x24
                  text run at (0,-5) width 8: "\x{2016}"
          RenderMathMLOperator {mo} at (179,15) size 8x61
            RenderMathMLBlock (flex) {mo} at (0,0) size 8x16
              RenderBlock (anonymous) at (0,0) size 8x16
                RenderText at (0,-5) size 8x24
                  text run at (0,-5) width 8: "\x{2225}"
          RenderMathMLSpace {mspace} at (190,0) size 0x51
      RenderText {#text} at (388,81) size 4x18
        text run at (388,81) width 4: " "
      RenderMathMLMath {math} at (392,75) size 192x31 [padding: 0 1 0 1]
        RenderMathMLRow {mrow} at (1,0) size 190x31
          RenderMathMLOperator {mo} at (1,9) size 7x14
            RenderMathMLBlock (flex) {mo} at (0,0) size 7x14
              RenderBlock (anonymous) at (0,0) size 5x14
                RenderText at (0,-6) size 5x24
                  text run at (0,-6) width 5: "("
          RenderMathMLOperator {mo} at (12,9) size 7x14
            RenderMathMLBlock (flex) {mo} at (0,0) size 7x14
              RenderBlock (anonymous) at (0,0) size 5x14
                RenderText at (0,-6) size 5x24
                  text run at (0,-6) width 5: ")"
          RenderMathMLOperator {mo} at (25,9) size 10x14
            RenderMathMLBlock (flex) {mo} at (0,0) size 10x14
              RenderBlock (anonymous) at (0,0) size 8x14
                RenderText at (0,-6) size 8x24
                  text run at (0,-6) width 8: "{"
          RenderMathMLOperator {mo} at (41,9) size 10x14
            RenderMathMLBlock (flex) {mo} at (0,0) size 10x14
              RenderBlock (anonymous) at (0,0) size 8x14
                RenderText at (0,-6) size 8x24
                  text run at (0,-6) width 8: "}"
          RenderMathMLOperator {mo} at (57,9) size 7x14
            RenderMathMLBlock (flex) {mo} at (0,0) size 7x14
              RenderBlock (anonymous) at (0,0) size 5x14
                RenderText at (0,-6) size 5x24
                  text run at (0,-6) width 5: "["
          RenderMathMLOperator {mo} at (70,9) size 7x14
            RenderMathMLBlock (flex) {mo} at (0,0) size 7x14
              RenderBlock (anonymous) at (0,0) size 5x14
                RenderText at (0,-6) size 5x24
                  text run at (0,-6) width 5: "]"
          RenderMathMLOperator {mo} at (83,8) size 8x16
            RenderMathMLBlock (flex) {mo} at (0,0) size 8x16
              RenderBlock (anonymous) at (0,0) size 8x16
                RenderText at (0,-5) size 8x24
                  text run at (0,-5) width 8: "\x{2308}"
          RenderMathMLOperator {mo} at (97,8) size 8x16
            RenderMathMLBlock (flex) {mo} at (0,0) size 8x16
              RenderBlock (anonymous) at (0,0) size 8x16
                RenderText at (0,-5) size 8x24
                  text run at (0,-5) width 8: "\x{2309}"
          RenderMathMLOperator {mo} at (111,8) size 8x16
            RenderMathMLBlock (flex) {mo} at (0,0) size 8x16
              RenderBlock (anonymous) at (0,0) size 8x16
                RenderText at (0,-5) size 8x24
                  text run at (0,-5) width 8: "\x{230A}"
          RenderMathMLOperator {mo} at (125,8) size 8x16
            RenderMathMLBlock (flex) {mo} at (0,0) size 8x16
              RenderBlock (anonymous) at (0,0) size 8x16
                RenderText at (0,-5) size 8x24
                  text run at (0,-5) width 8: "\x{230B}"
          RenderMathMLOperator {mo} at (139,6) size 11x20
            RenderMathMLBlock (flex) {mo} at (0,0) size 11x20
              RenderBlock (anonymous) at (0,0) size 7x20
                RenderText at (0,-3) size 7x24
                  text run at (0,-3) width 7: "\x{222B}"
          RenderMathMLOperator {mo} at (156,6) size 3x25
            RenderMathMLBlock (flex) {mo} at (0,0) size 3x12
              RenderBlock (anonymous) at (0,0) size 3x12
                RenderText at (0,-6) size 3x24
                  text run at (0,-6) width 3: "|"
          RenderMathMLOperator {mo} at (165,8) size 8x16
            RenderMathMLBlock (flex) {mo} at (0,0) size 8x16
              RenderBlock (anonymous) at (0,0) size 8x16
                RenderText at (0,-5) size 8x24
                  text run at (0,-5) width 8: "\x{2016}"
          RenderMathMLOperator {mo} at (179,8) size 8x16
            RenderMathMLBlock (flex) {mo} at (0,0) size 8x16
              RenderBlock (anonymous) at (0,0) size 8x16
                RenderText at (0,-5) size 8x24
                  text run at (0,-5) width 8: "\x{2225}"
          RenderMathMLSpace {mspace} at (190,0) size 0x21
      RenderText {#text} at (584,81) size 4x18
        text run at (584,81) width 4: " "
      RenderBR {BR} at (0,0) size 0x0
      RenderMathMLMath {math} at (0,133) size 204x67 [padding: 0 1 0 1]
        RenderMathMLSquareRoot {msqrt} at (1,0) size 202x67 [intrinsic padding: 3 0 3 12]
          RenderMathMLRow (anonymous) at (12,3) size 190x61
            RenderMathMLOperator {mo} at (1,12) size 7x49
              RenderMathMLBlock (flex) {mo} at (0,0) size 7x14
                RenderBlock (anonymous) at (0,0) size 5x14
                  RenderText at (0,-6) size 5x24
                    text run at (0,-6) width 5: "("
            RenderMathMLOperator {mo} at (12,12) size 7x49
              RenderMathMLBlock (flex) {mo} at (0,0) size 7x14
                RenderBlock (anonymous) at (0,0) size 5x14
                  RenderText at (0,-6) size 5x24
                    text run at (0,-6) width 5: ")"
            RenderMathMLOperator {mo} at (25,12) size 10x49
              RenderMathMLBlock (flex) {mo} at (0,0) size 10x14
                RenderBlock (anonymous) at (0,0) size 8x14
                  RenderText at (0,-6) size 8x24
                    text run at (0,-6) width 8: "{"
            RenderMathMLOperator {mo} at (41,12) size 10x49
              RenderMathMLBlock (flex) {mo} at (0,0) size 10x14
                RenderBlock (anonymous) at (0,0) size 8x14
                  RenderText at (0,-6) size 8x24
                    text run at (0,-6) width 8: "}"
            RenderMathMLOperator {mo} at (57,12) size 7x49
              RenderMathMLBlock (flex) {mo} at (0,0) size 7x14
                RenderBlock (anonymous) at (0,0) size 5x14
                  RenderText at (0,-6) size 5x24
                    text run at (0,-6) width 5: "["
            RenderMathMLOperator {mo} at (70,12) size 7x49
              RenderMathMLBlock (flex) {mo} at (0,0) size 7x14
                RenderBlock (anonymous) at (0,0) size 5x14
                  RenderText at (0,-6) size 5x24
                    text run at (0,-6) width 5: "]"
            RenderMathMLOperator {mo} at (83,12) size 8x49
              RenderMathMLBlock (flex) {mo} at (0,0) size 8x16
                RenderBlock (anonymous) at (0,0) size 8x16
                  RenderText at (0,-5) size 8x24
                    text run at (0,-5) width 8: "\x{2308}"
            RenderMathMLOperator {mo} at (97,12) size 8x49
              RenderMathMLBlock (flex) {mo} at (0,0) size 8x16
                RenderBlock (anonymous) at (0,0) size 8x16
                  RenderText at (0,-5) size 8x24
                    text run at (0,-5) width 8: "\x{2309}"
            RenderMathMLOperator {mo} at (111,12) size 8x49
              RenderMathMLBlock (flex) {mo} at (0,0) size 8x16
                RenderBlock (anonymous) at (0,0) size 8x16
                  RenderText at (0,-5) size 8x24
                    text run at (0,-5) width 8: "\x{230A}"
            RenderMathMLOperator {mo} at (125,12) size 8x49
              RenderMathMLBlock (flex) {mo} at (0,0) size 8x16
                RenderBlock (anonymous) at (0,0) size 8x16
                  RenderText at (0,-5) size 8x24
                    text run at (0,-5) width 8: "\x{230B}"
            RenderMathMLOperator {mo} at (139,12) size 11x49
              RenderMathMLBlock (flex) {mo} at (0,0) size 11x20
                RenderBlock (anonymous) at (0,0) size 7x20
                  RenderText at (0,-3) size 7x24
                    text run at (0,-3) width 7: "\x{222B}"
            RenderMathMLOperator {mo} at (156,12) size 3x49
              RenderMathMLBlock (flex) {mo} at (0,0) size 3x12
                RenderBlock (anonymous) at (0,0) size 3x12
                  RenderText at (0,-6) size 3x24
                    text run at (0,-6) width 3: "|"
            RenderMathMLOperator {mo} at (165,12) size 8x49
              RenderMathMLBlock (flex) {mo} at (0,0) size 8x16
                RenderBlock (anonymous) at (0,0) size 8x16
                  RenderText at (0,-5) size 8x24
                    text run at (0,-5) width 8: "\x{2016}"
            RenderMathMLOperator {mo} at (179,12) size 8x49
              RenderMathMLBlock (flex) {mo} at (0,0) size 8x16
                RenderBlock (anonymous) at (0,0) size 8x16
                  RenderText at (0,-5) size 8x24
                    text run at (0,-5) width 8: "\x{2225}"
            RenderMathMLSpace {mspace} at (190,0) size 0x41
      RenderText {#text} at (0,0) size 0x0
