layer at (0,0) size 800x600
  RenderView at (0,0) size 800x600
layer at (0,0) size 800x600
  RenderBlock {HTML} at (0,0) size 800x600
    RenderBody {BODY} at (8,8) size 784x584
      RenderFieldSet {FIELDSET} at (2,0) size 780x371 [border: (2px groove #C0C0C0)]
        RenderBlock {DIV} at (14,7) size 752x352
          RenderInline {DIV} at (0,0) size 128x17
            RenderInline {DIV} at (0,0) size 128x17
              RenderText {#text} at (0,0) size 0x0
              RenderInline {A} at (0,0) size 50x17 [color=#0000EE]
                RenderImage {IMG} at (0,0) size 50x34
              RenderText {#text} at (50,20) size 4x17
                text run at (50,20) width 4: " "
              RenderBlock {INPUT} at (58,20) size 17x16
              RenderInline {LABEL} at (0,0) size 45x17
                RenderText {#text} at (79,20) size 45x17
                  text run at (79,20) width 45: "Classic"
              RenderText {#text} at (124,20) size 4x17
                text run at (124,20) width 4: " "
          RenderText {#text} at (0,0) size 0x0
          RenderInline {DIV} at (0,0) size 123x17
            RenderInline {DIV} at (0,0) size 123x17
              RenderText {#text} at (0,0) size 0x0
              RenderInline {A} at (0,0) size 50x17 [color=#0000EE]
                RenderImage {IMG} at (128,0) size 50x34
              RenderText {#text} at (178,20) size 4x17
                text run at (178,20) width 4: " "
              RenderBlock {INPUT} at (186,20) size 17x16
              RenderInline {LABEL} at (0,0) size 40x17
                RenderText {#text} at (207,20) size 40x17
                  text run at (207,20) width 40: "Africa"
              RenderText {#text} at (247,20) size 4x17
                text run at (247,20) width 4: " "
          RenderText {#text} at (0,0) size 0x0
          RenderInline {DIV} at (0,0) size 208x17
            RenderInline {DIV} at (0,0) size 208x17
              RenderText {#text} at (0,0) size 0x0
              RenderInline {A} at (0,0) size 50x17 [color=#0000EE]
                RenderImage {IMG} at (251,0) size 50x34
              RenderText {#text} at (301,20) size 4x17
                text run at (301,20) width 4: " "
              RenderBlock {INPUT} at (309,20) size 17x16
              RenderInline {LABEL} at (0,0) size 125x17
                RenderText {#text} at (330,20) size 125x17
                  text run at (330,20) width 125: "Alexander's Empire"
              RenderText {#text} at (455,20) size 4x17
                text run at (455,20) width 4: " "
          RenderText {#text} at (0,0) size 0x0
          RenderInline {DIV} at (0,0) size 178x17
            RenderInline {DIV} at (0,0) size 178x17
              RenderText {#text} at (0,0) size 0x0
              RenderInline {A} at (0,0) size 50x17 [color=#0000EE]
                RenderImage {IMG} at (459,0) size 50x34
              RenderText {#text} at (509,20) size 4x17
                text run at (509,20) width 4: " "
              RenderBlock {INPUT} at (517,20) size 17x16
              RenderInline {LABEL} at (0,0) size 99x17
                RenderText {#text} at (538,20) size 99x17
                  text run at (538,20) width 99: "Ancient Greece"
              RenderText {#text} at (0,0) size 0x0
          RenderText {#text} at (0,0) size 0x0
          RenderInline {DIV} at (0,0) size 128x17
            RenderInline {DIV} at (0,0) size 128x17
              RenderText {#text} at (0,0) size 0x0
              RenderInline {A} at (0,0) size 50x17 [color=#0000EE]
                RenderImage {IMG} at (0,39) size 50x34
              RenderText {#text} at (50,59) size 4x17
                text run at (50,59) width 4: " "
              RenderBlock {INPUT} at (58,59) size 17x16
              RenderInline {LABEL} at (0,0) size 45x17
                RenderText {#text} at (79,59) size 45x17
                  text run at (79,59) width 45: "Classic"
              RenderText {#text} at (124,59) size 4x17
                text run at (124,59) width 4: " "
          RenderText {#text} at (0,0) size 0x0
          RenderInline {DIV} at (0,0) size 123x17
            RenderInline {DIV} at (0,0) size 123x17
              RenderText {#text} at (0,0) size 0x0
              RenderInline {A} at (0,0) size 50x17 [color=#0000EE]
                RenderImage {IMG} at (128,39) size 50x34
              RenderText {#text} at (178,59) size 4x17
                text run at (178,59) width 4: " "
              RenderBlock {INPUT} at (186,59) size 17x16
              RenderInline {LABEL} at (0,0) size 40x17
                RenderText {#text} at (207,59) size 40x17
                  text run at (207,59) width 40: "Africa"
              RenderText {#text} at (247,59) size 4x17
                text run at (247,59) width 4: " "
          RenderText {#text} at (0,0) size 0x0
          RenderInline {DIV} at (0,0) size 208x17
            RenderInline {DIV} at (0,0) size 208x17
              RenderText {#text} at (0,0) size 0x0
              RenderInline {A} at (0,0) size 50x17 [color=#0000EE]
                RenderImage {IMG} at (251,39) size 50x34
              RenderText {#text} at (301,59) size 4x17
                text run at (301,59) width 4: " "
              RenderBlock {INPUT} at (309,59) size 17x16
              RenderInline {LABEL} at (0,0) size 125x17
                RenderText {#text} at (330,59) size 125x17
                  text run at (330,59) width 125: "Alexander's Empire"
              RenderText {#text} at (455,59) size 4x17
                text run at (455,59) width 4: " "
          RenderText {#text} at (0,0) size 0x0
          RenderInline {DIV} at (0,0) size 178x17
            RenderInline {DIV} at (0,0) size 178x17
              RenderText {#text} at (0,0) size 0x0
              RenderInline {A} at (0,0) size 50x17 [color=#0000EE]
                RenderImage {IMG} at (459,39) size 50x34
              RenderText {#text} at (509,59) size 4x17
                text run at (509,59) width 4: " "
              RenderBlock {INPUT} at (517,59) size 17x16
              RenderInline {LABEL} at (0,0) size 99x17
                RenderText {#text} at (538,59) size 99x17
                  text run at (538,59) width 99: "Ancient Greece"
              RenderText {#text} at (0,0) size 0x0
          RenderText {#text} at (0,0) size 0x0
          RenderInline {DIV} at (0,0) size 128x17
            RenderInline {DIV} at (0,0) size 128x17
              RenderText {#text} at (0,0) size 0x0
              RenderInline {A} at (0,0) size 50x17 [color=#0000EE]
                RenderImage {IMG} at (0,78) size 50x34
              RenderText {#text} at (50,98) size 4x17
                text run at (50,98) width 4: " "
              RenderBlock {INPUT} at (58,98) size 17x16
              RenderInline {LABEL} at (0,0) size 45x17
                RenderText {#text} at (79,98) size 45x17
                  text run at (79,98) width 45: "Classic"
              RenderText {#text} at (124,98) size 4x17
                text run at (124,98) width 4: " "
          RenderText {#text} at (0,0) size 0x0
          RenderInline {DIV} at (0,0) size 123x17
            RenderInline {DIV} at (0,0) size 123x17
              RenderText {#text} at (0,0) size 0x0
              RenderInline {A} at (0,0) size 50x17 [color=#0000EE]
                RenderImage {IMG} at (128,78) size 50x34
              RenderText {#text} at (178,98) size 4x17
                text run at (178,98) width 4: " "
              RenderBlock {INPUT} at (186,98) size 17x16
              RenderInline {LABEL} at (0,0) size 40x17
                RenderText {#text} at (207,98) size 40x17
                  text run at (207,98) width 40: "Africa"
              RenderText {#text} at (247,98) size 4x17
                text run at (247,98) width 4: " "
          RenderText {#text} at (0,0) size 0x0
          RenderInline {DIV} at (0,0) size 208x17
            RenderInline {DIV} at (0,0) size 208x17
              RenderText {#text} at (0,0) size 0x0
              RenderInline {A} at (0,0) size 50x17 [color=#0000EE]
                RenderImage {IMG} at (251,78) size 50x34
              RenderText {#text} at (301,98) size 4x17
                text run at (301,98) width 4: " "
              RenderBlock {INPUT} at (309,98) size 17x16
              RenderInline {LABEL} at (0,0) size 125x17
                RenderText {#text} at (330,98) size 125x17
                  text run at (330,98) width 125: "Alexander's Empire"
              RenderText {#text} at (455,98) size 4x17
                text run at (455,98) width 4: " "
          RenderText {#text} at (0,0) size 0x0
          RenderInline {DIV} at (0,0) size 178x17
            RenderInline {DIV} at (0,0) size 178x17
              RenderText {#text} at (0,0) size 0x0
              RenderInline {A} at (0,0) size 50x17 [color=#0000EE]
                RenderImage {IMG} at (459,78) size 50x34
              RenderText {#text} at (509,98) size 4x17
                text run at (509,98) width 4: " "
              RenderBlock {INPUT} at (517,98) size 17x16
              RenderInline {LABEL} at (0,0) size 99x17
                RenderText {#text} at (538,98) size 99x17
                  text run at (538,98) width 99: "Ancient Greece"
              RenderText {#text} at (0,0) size 0x0
          RenderText {#text} at (0,0) size 0x0
          RenderInline {DIV} at (0,0) size 128x17
            RenderInline {DIV} at (0,0) size 128x17
              RenderText {#text} at (0,0) size 0x0
              RenderInline {A} at (0,0) size 50x17 [color=#0000EE]
                RenderImage {IMG} at (0,117) size 50x34
              RenderText {#text} at (50,137) size 4x17
                text run at (50,137) width 4: " "
              RenderBlock {INPUT} at (58,137) size 17x16
              RenderInline {LABEL} at (0,0) size 45x17
                RenderText {#text} at (79,137) size 45x17
                  text run at (79,137) width 45: "Classic"
              RenderText {#text} at (124,137) size 4x17
                text run at (124,137) width 4: " "
          RenderText {#text} at (0,0) size 0x0
          RenderInline {DIV} at (0,0) size 123x17
            RenderInline {DIV} at (0,0) size 123x17
              RenderText {#text} at (0,0) size 0x0
              RenderInline {A} at (0,0) size 50x17 [color=#0000EE]
                RenderImage {IMG} at (128,117) size 50x34
              RenderText {#text} at (178,137) size 4x17
                text run at (178,137) width 4: " "
              RenderBlock {INPUT} at (186,137) size 17x16
              RenderInline {LABEL} at (0,0) size 40x17
                RenderText {#text} at (207,137) size 40x17
                  text run at (207,137) width 40: "Africa"
              RenderText {#text} at (247,137) size 4x17
                text run at (247,137) width 4: " "
          RenderText {#text} at (0,0) size 0x0
          RenderInline {DIV} at (0,0) size 208x17
            RenderInline {DIV} at (0,0) size 208x17
              RenderText {#text} at (0,0) size 0x0
              RenderInline {A} at (0,0) size 50x17 [color=#0000EE]
                RenderImage {IMG} at (251,117) size 50x34
              RenderText {#text} at (301,137) size 4x17
                text run at (301,137) width 4: " "
              RenderBlock {INPUT} at (309,137) size 17x16
              RenderInline {LABEL} at (0,0) size 125x17
                RenderText {#text} at (330,137) size 125x17
                  text run at (330,137) width 125: "Alexander's Empire"
              RenderText {#text} at (455,137) size 4x17
                text run at (455,137) width 4: " "
          RenderText {#text} at (0,0) size 0x0
          RenderInline {DIV} at (0,0) size 178x17
            RenderInline {DIV} at (0,0) size 178x17
              RenderText {#text} at (0,0) size 0x0
              RenderInline {A} at (0,0) size 50x17 [color=#0000EE]
                RenderImage {IMG} at (459,117) size 50x34
              RenderText {#text} at (509,137) size 4x17
                text run at (509,137) width 4: " "
              RenderBlock {INPUT} at (517,137) size 17x16
              RenderInline {LABEL} at (0,0) size 99x17
                RenderText {#text} at (538,137) size 99x17
                  text run at (538,137) width 99: "Ancient Greece"
              RenderText {#text} at (0,0) size 0x0
          RenderText {#text} at (0,0) size 0x0
          RenderInline {DIV} at (0,0) size 128x17
            RenderInline {DIV} at (0,0) size 128x17
              RenderText {#text} at (0,0) size 0x0
              RenderInline {A} at (0,0) size 50x17 [color=#0000EE]
                RenderImage {IMG} at (0,156) size 50x34
              RenderText {#text} at (50,176) size 4x17
                text run at (50,176) width 4: " "
              RenderBlock {INPUT} at (58,176) size 17x16
              RenderInline {LABEL} at (0,0) size 45x17
                RenderText {#text} at (79,176) size 45x17
                  text run at (79,176) width 45: "Classic"
              RenderText {#text} at (124,176) size 4x17
                text run at (124,176) width 4: " "
          RenderText {#text} at (0,0) size 0x0
          RenderInline {DIV} at (0,0) size 123x17
            RenderInline {DIV} at (0,0) size 123x17
              RenderText {#text} at (0,0) size 0x0
              RenderInline {A} at (0,0) size 50x17 [color=#0000EE]
                RenderImage {IMG} at (128,156) size 50x34
              RenderText {#text} at (178,176) size 4x17
                text run at (178,176) width 4: " "
              RenderBlock {INPUT} at (186,176) size 17x16
              RenderInline {LABEL} at (0,0) size 40x17
                RenderText {#text} at (207,176) size 40x17
                  text run at (207,176) width 40: "Africa"
              RenderText {#text} at (247,176) size 4x17
                text run at (247,176) width 4: " "
          RenderText {#text} at (0,0) size 0x0
          RenderInline {DIV} at (0,0) size 208x17
            RenderInline {DIV} at (0,0) size 208x17
              RenderText {#text} at (0,0) size 0x0
              RenderInline {A} at (0,0) size 50x17 [color=#0000EE]
                RenderImage {IMG} at (251,156) size 50x34
              RenderText {#text} at (301,176) size 4x17
                text run at (301,176) width 4: " "
              RenderBlock {INPUT} at (309,176) size 17x16
              RenderInline {LABEL} at (0,0) size 125x17
                RenderText {#text} at (330,176) size 125x17
                  text run at (330,176) width 125: "Alexander's Empire"
              RenderText {#text} at (455,176) size 4x17
                text run at (455,176) width 4: " "
          RenderText {#text} at (0,0) size 0x0
          RenderInline {DIV} at (0,0) size 178x17
            RenderInline {DIV} at (0,0) size 178x17
              RenderText {#text} at (0,0) size 0x0
              RenderInline {A} at (0,0) size 50x17 [color=#0000EE]
                RenderImage {IMG} at (459,156) size 50x34
              RenderText {#text} at (509,176) size 4x17
                text run at (509,176) width 4: " "
              RenderBlock {INPUT} at (517,176) size 17x16
              RenderInline {LABEL} at (0,0) size 99x17
                RenderText {#text} at (538,176) size 99x17
                  text run at (538,176) width 99: "Ancient Greece"
              RenderText {#text} at (0,0) size 0x0
          RenderText {#text} at (0,0) size 0x0
          RenderInline {DIV} at (0,0) size 128x17
            RenderInline {DIV} at (0,0) size 128x17
              RenderText {#text} at (0,0) size 0x0
              RenderInline {A} at (0,0) size 50x17 [color=#0000EE]
                RenderImage {IMG} at (0,195) size 50x34
              RenderText {#text} at (50,215) size 4x17
                text run at (50,215) width 4: " "
              RenderBlock {INPUT} at (58,215) size 17x16
              RenderInline {LABEL} at (0,0) size 45x17
                RenderText {#text} at (79,215) size 45x17
                  text run at (79,215) width 45: "Classic"
              RenderText {#text} at (124,215) size 4x17
                text run at (124,215) width 4: " "
          RenderText {#text} at (0,0) size 0x0
          RenderInline {DIV} at (0,0) size 123x17
            RenderInline {DIV} at (0,0) size 123x17
              RenderText {#text} at (0,0) size 0x0
              RenderInline {A} at (0,0) size 50x17 [color=#0000EE]
                RenderImage {IMG} at (128,195) size 50x34
              RenderText {#text} at (178,215) size 4x17
                text run at (178,215) width 4: " "
              RenderBlock {INPUT} at (186,215) size 17x16
              RenderInline {LABEL} at (0,0) size 40x17
                RenderText {#text} at (207,215) size 40x17
                  text run at (207,215) width 40: "Africa"
              RenderText {#text} at (247,215) size 4x17
                text run at (247,215) width 4: " "
          RenderText {#text} at (0,0) size 0x0
          RenderInline {DIV} at (0,0) size 208x17
            RenderInline {DIV} at (0,0) size 208x17
              RenderText {#text} at (0,0) size 0x0
              RenderInline {A} at (0,0) size 50x17 [color=#0000EE]
                RenderImage {IMG} at (251,195) size 50x34
              RenderText {#text} at (301,215) size 4x17
                text run at (301,215) width 4: " "
              RenderBlock {INPUT} at (309,215) size 17x16
              RenderInline {LABEL} at (0,0) size 125x17
                RenderText {#text} at (330,215) size 125x17
                  text run at (330,215) width 125: "Alexander's Empire"
              RenderText {#text} at (455,215) size 4x17
                text run at (455,215) width 4: " "
          RenderText {#text} at (0,0) size 0x0
          RenderInline {DIV} at (0,0) size 178x17
            RenderInline {DIV} at (0,0) size 178x17
              RenderText {#text} at (0,0) size 0x0
              RenderInline {A} at (0,0) size 50x17 [color=#0000EE]
                RenderImage {IMG} at (459,195) size 50x34
              RenderText {#text} at (509,215) size 4x17
                text run at (509,215) width 4: " "
              RenderBlock {INPUT} at (517,215) size 17x16
              RenderInline {LABEL} at (0,0) size 99x17
                RenderText {#text} at (538,215) size 99x17
                  text run at (538,215) width 99: "Ancient Greece"
              RenderText {#text} at (0,0) size 0x0
          RenderText {#text} at (0,0) size 0x0
          RenderInline {DIV} at (0,0) size 128x17
            RenderInline {DIV} at (0,0) size 128x17
              RenderText {#text} at (0,0) size 0x0
              RenderInline {A} at (0,0) size 50x17 [color=#0000EE]
                RenderImage {IMG} at (0,234) size 50x34
              RenderText {#text} at (50,254) size 4x17
                text run at (50,254) width 4: " "
              RenderBlock {INPUT} at (58,254) size 17x16
              RenderInline {LABEL} at (0,0) size 45x17
                RenderText {#text} at (79,254) size 45x17
                  text run at (79,254) width 45: "Classic"
              RenderText {#text} at (124,254) size 4x17
                text run at (124,254) width 4: " "
          RenderText {#text} at (0,0) size 0x0
          RenderInline {DIV} at (0,0) size 123x17
            RenderInline {DIV} at (0,0) size 123x17
              RenderText {#text} at (0,0) size 0x0
              RenderInline {A} at (0,0) size 50x17 [color=#0000EE]
                RenderImage {IMG} at (128,234) size 50x34
              RenderText {#text} at (178,254) size 4x17
                text run at (178,254) width 4: " "
              RenderBlock {INPUT} at (186,254) size 17x16
              RenderInline {LABEL} at (0,0) size 40x17
                RenderText {#text} at (207,254) size 40x17
                  text run at (207,254) width 40: "Africa"
              RenderText {#text} at (247,254) size 4x17
                text run at (247,254) width 4: " "
          RenderText {#text} at (0,0) size 0x0
          RenderInline {DIV} at (0,0) size 208x17
            RenderInline {DIV} at (0,0) size 208x17
              RenderText {#text} at (0,0) size 0x0
              RenderInline {A} at (0,0) size 50x17 [color=#0000EE]
                RenderImage {IMG} at (251,234) size 50x34
              RenderText {#text} at (301,254) size 4x17
                text run at (301,254) width 4: " "
              RenderBlock {INPUT} at (309,254) size 17x16
              RenderInline {LABEL} at (0,0) size 125x17
                RenderText {#text} at (330,254) size 125x17
                  text run at (330,254) width 125: "Alexander's Empire"
              RenderText {#text} at (455,254) size 4x17
                text run at (455,254) width 4: " "
          RenderText {#text} at (0,0) size 0x0
          RenderInline {DIV} at (0,0) size 178x17
            RenderInline {DIV} at (0,0) size 178x17
              RenderText {#text} at (0,0) size 0x0
              RenderInline {A} at (0,0) size 50x17 [color=#0000EE]
                RenderImage {IMG} at (459,234) size 50x34
              RenderText {#text} at (509,254) size 4x17
                text run at (509,254) width 4: " "
              RenderBlock {INPUT} at (517,254) size 17x16
              RenderInline {LABEL} at (0,0) size 99x17
                RenderText {#text} at (538,254) size 99x17
                  text run at (538,254) width 99: "Ancient Greece"
              RenderText {#text} at (0,0) size 0x0
          RenderText {#text} at (0,0) size 0x0
          RenderInline {DIV} at (0,0) size 128x17
            RenderInline {DIV} at (0,0) size 128x17
              RenderText {#text} at (0,0) size 0x0
              RenderInline {A} at (0,0) size 50x17 [color=#0000EE]
                RenderImage {IMG} at (0,273) size 50x34
              RenderText {#text} at (50,293) size 4x17
                text run at (50,293) width 4: " "
              RenderBlock {INPUT} at (58,293) size 17x16
              RenderInline {LABEL} at (0,0) size 45x17
                RenderText {#text} at (79,293) size 45x17
                  text run at (79,293) width 45: "Classic"
              RenderText {#text} at (124,293) size 4x17
                text run at (124,293) width 4: " "
          RenderText {#text} at (0,0) size 0x0
          RenderInline {DIV} at (0,0) size 123x17
            RenderInline {DIV} at (0,0) size 123x17
              RenderText {#text} at (0,0) size 0x0
              RenderInline {A} at (0,0) size 50x17 [color=#0000EE]
                RenderImage {IMG} at (128,273) size 50x34
              RenderText {#text} at (178,293) size 4x17
                text run at (178,293) width 4: " "
              RenderBlock {INPUT} at (186,293) size 17x16
              RenderInline {LABEL} at (0,0) size 40x17
                RenderText {#text} at (207,293) size 40x17
                  text run at (207,293) width 40: "Africa"
              RenderText {#text} at (247,293) size 4x17
                text run at (247,293) width 4: " "
          RenderText {#text} at (0,0) size 0x0
          RenderInline {DIV} at (0,0) size 208x17
            RenderInline {DIV} at (0,0) size 208x17
              RenderText {#text} at (0,0) size 0x0
              RenderInline {A} at (0,0) size 50x17 [color=#0000EE]
                RenderImage {IMG} at (251,273) size 50x34
              RenderText {#text} at (301,293) size 4x17
                text run at (301,293) width 4: " "
              RenderBlock {INPUT} at (309,293) size 17x16
              RenderInline {LABEL} at (0,0) size 125x17
                RenderText {#text} at (330,293) size 125x17
                  text run at (330,293) width 125: "Alexander's Empire"
              RenderText {#text} at (455,293) size 4x17
                text run at (455,293) width 4: " "
          RenderText {#text} at (0,0) size 0x0
          RenderInline {DIV} at (0,0) size 178x17
            RenderInline {DIV} at (0,0) size 178x17
              RenderText {#text} at (0,0) size 0x0
              RenderInline {A} at (0,0) size 50x17 [color=#0000EE]
                RenderImage {IMG} at (459,273) size 50x34
              RenderText {#text} at (509,293) size 4x17
                text run at (509,293) width 4: " "
              RenderBlock {INPUT} at (517,293) size 17x16
              RenderInline {LABEL} at (0,0) size 99x17
                RenderText {#text} at (538,293) size 99x17
                  text run at (538,293) width 99: "Ancient Greece"
              RenderText {#text} at (0,0) size 0x0
          RenderText {#text} at (0,0) size 0x0
          RenderInline {DIV} at (0,0) size 128x17
            RenderInline {DIV} at (0,0) size 128x17
              RenderText {#text} at (0,0) size 0x0
              RenderInline {A} at (0,0) size 50x17 [color=#0000EE]
                RenderImage {IMG} at (0,312) size 50x34
              RenderText {#text} at (50,332) size 4x17
                text run at (50,332) width 4: " "
              RenderBlock {INPUT} at (58,332) size 17x16
              RenderInline {LABEL} at (0,0) size 45x17
                RenderText {#text} at (79,332) size 45x17
                  text run at (79,332) width 45: "Classic"
              RenderText {#text} at (124,332) size 4x17
                text run at (124,332) width 4: " "
          RenderText {#text} at (0,0) size 0x0
          RenderInline {DIV} at (0,0) size 123x17
            RenderInline {DIV} at (0,0) size 123x17
              RenderText {#text} at (0,0) size 0x0
              RenderInline {A} at (0,0) size 50x17 [color=#0000EE]
                RenderImage {IMG} at (128,312) size 50x34
              RenderText {#text} at (178,332) size 4x17
                text run at (178,332) width 4: " "
              RenderBlock {INPUT} at (186,332) size 17x16
              RenderInline {LABEL} at (0,0) size 40x17
                RenderText {#text} at (207,332) size 40x17
                  text run at (207,332) width 40: "Africa"
              RenderText {#text} at (247,332) size 4x17
                text run at (247,332) width 4: " "
          RenderText {#text} at (0,0) size 0x0
          RenderInline {DIV} at (0,0) size 208x17
            RenderInline {DIV} at (0,0) size 208x17
              RenderText {#text} at (0,0) size 0x0
              RenderInline {A} at (0,0) size 50x17 [color=#0000EE]
                RenderImage {IMG} at (251,312) size 50x34
              RenderText {#text} at (301,332) size 4x17
                text run at (301,332) width 4: " "
              RenderBlock {INPUT} at (309,332) size 17x16
              RenderInline {LABEL} at (0,0) size 125x17
                RenderText {#text} at (330,332) size 125x17
                  text run at (330,332) width 125: "Alexander's Empire"
              RenderText {#text} at (455,332) size 4x17
                text run at (455,332) width 4: " "
          RenderText {#text} at (0,0) size 0x0
          RenderInline {DIV} at (0,0) size 178x17
            RenderInline {DIV} at (0,0) size 178x17
              RenderText {#text} at (0,0) size 0x0
              RenderInline {A} at (0,0) size 50x17 [color=#0000EE]
                RenderImage {IMG} at (459,312) size 50x34
              RenderText {#text} at (509,332) size 4x17
                text run at (509,332) width 4: " "
              RenderBlock {INPUT} at (517,332) size 17x16
              RenderInline {LABEL} at (0,0) size 99x17
                RenderText {#text} at (538,332) size 99x17
                  text run at (538,332) width 99: "Ancient Greece"
              RenderText {#text} at (0,0) size 0x0
          RenderText {#text} at (0,0) size 0x0
